// Jest Snapshot v1, https://goo.gl/fbAQLP

exports[`renders correctly 1`] = `
<div>
  <div
    aria-label="Current time"
    aria-valuemax="300000"
    aria-valuemin="0"
    aria-valuenow="0"
    aria-valuetext="0 milliseconds"
    class="pointer"
    role="slider"
    style="left: 8px; margin-left: -0px;"
    tabindex="0"
  />
</div>
`;
